------------------------------------------------------------
Timing Analyzer Summary
------------------------------------------------------------

Type  : Slow 1100mV 85C Model Setup 'clk'
Slack : -0.236
TNS   : -1.777

Type  : Slow 1100mV 85C Model Hold 'clk'
Slack : 0.319
TNS   : 0.000

Type  : Slow 1100mV 85C Model Minimum Pulse Width 'clk'
Slack : -0.394
TNS   : -6.898

Type  : Slow 1100mV 0C Model Setup 'clk'
Slack : -0.276
TNS   : -2.174

Type  : Slow 1100mV 0C Model Hold 'clk'
Slack : 0.297
TNS   : 0.000

Type  : Slow 1100mV 0C Model Minimum Pulse Width 'clk'
Slack : -0.394
TNS   : -6.412

Type  : Fast 1100mV 85C Model Setup 'clk'
Slack : 0.298
TNS   : 0.000

Type  : Fast 1100mV 85C Model Hold 'clk'
Slack : 0.182
TNS   : 0.000

Type  : Fast 1100mV 85C Model Minimum Pulse Width 'clk'
Slack : -0.338
TNS   : -3.560

Type  : Fast 1100mV 0C Model Setup 'clk'
Slack : 0.320
TNS   : 0.000

Type  : Fast 1100mV 0C Model Hold 'clk'
Slack : 0.170
TNS   : 0.000

Type  : Fast 1100mV 0C Model Minimum Pulse Width 'clk'
Slack : -0.317
TNS   : -3.336

------------------------------------------------------------
